File input_files/lot_of_lines.txt has too many lines.
2
