     *
     12345678901234567890
*  1|klja;ksldj
   2|jlkaj;dkl
   3|jkl;j
   4|
   5|jklqj;
   6|jklaj;s
   7|qe
   8|
   9|qkl;jqw
  10|lkj;
     12345678901234567890
Enter command: 
     *
     12345678901234567890
   1|klja;ksldj
*  2|jlkaj;dkl
   3|jkl;j
   4|
   5|jklqj;
   6|jklaj;s
   7|qe
   8|
   9|qkl;jqw
  10|lkj;
     12345678901234567890
Enter command: 
     *
     12345678901234567890
   1|klja;ksldj
   2|jlkaj;dkl
*  3|jkl;j
   4|
   5|jklqj;
   6|jklaj;s
   7|qe
   8|
   9|qkl;jqw
  10|lkj;
     12345678901234567890
Enter command: 
     *
     12345678901234567890
   1|klja;ksldj
   2|jlkaj;dkl
   3|jkl;j
*  4|
   5|jklqj;
   6|jklaj;s
   7|qe
   8|
   9|qkl;jqw
  10|lkj;
     12345678901234567890
Enter command: 
     *
     12345678901234567890
   1|klja;ksldj
   2|jlkaj;dkl
   3|jkl;j
   4|
*  5|jklqj;
   6|jklaj;s
   7|qe
   8|
   9|qkl;jqw
  10|lkj;
     12345678901234567890
Enter command: 
     *
     12345678901234567890
   1|klja;ksldj
   2|jlkaj;dkl
   3|jkl;j
   4|
   5|jklqj;
*  6|jklaj;s
   7|qe
   8|
   9|qkl;jqw
  10|lkj;
     12345678901234567890
Enter command: 
     *
     12345678901234567890
   1|klja;ksldj
   2|jlkaj;dkl
   3|jkl;j
   4|
   5|jklqj;
   6|jklaj;s
*  7|qe
   8|
   9|qkl;jqw
  10|lkj;
     12345678901234567890
Enter command: 
     *
     12345678901234567890
   1|klja;ksldj
   2|jlkaj;dkl
   3|jkl;j
   4|
   5|jklqj;
   6|jklaj;s
   7|qe
*  8|
   9|qkl;jqw
  10|lkj;
     12345678901234567890
Enter command: 
     *
     12345678901234567890
   1|klja;ksldj
   2|jlkaj;dkl
   3|jkl;j
   4|
   5|jklqj;
   6|jklaj;s
   7|qe
   8|
*  9|qkl;jqw
  10|lkj;
     12345678901234567890
Enter command: 
     *
     12345678901234567890
   1|klja;ksldj
   2|jlkaj;dkl
   3|jkl;j
   4|
   5|jklqj;
   6|jklaj;s
   7|qe
   8|
   9|qkl;jqw
* 10|lkj;
     12345678901234567890
Enter command: 
     *
     12345678901234567890
   2|jlkaj;dkl
   3|jkl;j
   4|
   5|jklqj;
   6|jklaj;s
   7|qe
   8|
   9|qkl;jqw
  10|lkj;
* 11|qwe
     12345678901234567890
Enter command: 
     *
     12345678901234567890
   3|jkl;j
   4|
   5|jklqj;
   6|jklaj;s
   7|qe
   8|
   9|qkl;jqw
  10|lkj;
  11|qwe
* 12|
     12345678901234567890
Enter command: 
     *
     12345678901234567890
   3|jkl;j
   4|
   5|jklqj;
   6|jklaj;s
   7|qe
   8|
   9|qkl;jqw
  10|lkj;
* 11|qwe
  12|
     12345678901234567890
Enter command: 
     *
     12345678901234567890
   3|jkl;j
   4|
   5|jklqj;
   6|jklaj;s
   7|qe
   8|
   9|qkl;jqw
* 10|lkj;
  11|qwe
  12|
     12345678901234567890
Enter command: 
     *
     12345678901234567890
   3|jkl;j
   4|
   5|jklqj;
   6|jklaj;s
   7|qe
   8|
*  9|qkl;jqw
  10|lkj;
  11|qwe
  12|
     12345678901234567890
Enter command: 
     *
     12345678901234567890
   3|jkl;j
   4|
   5|jklqj;
   6|jklaj;s
   7|qe
*  8|
   9|qkl;jqw
  10|lkj;
  11|qwe
  12|
     12345678901234567890
Enter command: 
     *
     12345678901234567890
   3|jkl;j
   4|
   5|jklqj;
   6|jklaj;s
*  7|qe
   8|
   9|qkl;jqw
  10|lkj;
  11|qwe
  12|
     12345678901234567890
Enter command: 
     *
     12345678901234567890
   3|jkl;j
   4|
   5|jklqj;
*  6|jklaj;s
   7|qe
   8|
   9|qkl;jqw
  10|lkj;
  11|qwe
  12|
     12345678901234567890
Enter command: 
     *
     12345678901234567890
   3|jkl;j
   4|
*  5|jklqj;
   6|jklaj;s
   7|qe
   8|
   9|qkl;jqw
  10|lkj;
  11|qwe
  12|
     12345678901234567890
Enter command: 
     *
     12345678901234567890
   3|jkl;j
*  4|
   5|jklqj;
   6|jklaj;s
   7|qe
   8|
   9|qkl;jqw
  10|lkj;
  11|qwe
  12|
     12345678901234567890
Enter command: 
     *
     12345678901234567890
*  3|jkl;j
   4|
   5|jklqj;
   6|jklaj;s
   7|qe
   8|
   9|qkl;jqw
  10|lkj;
  11|qwe
  12|
     12345678901234567890
Enter command: 
     *
     12345678901234567890
*  2|jlkaj;dkl
   3|jkl;j
   4|
   5|jklqj;
   6|jklaj;s
   7|qe
   8|
   9|qkl;jqw
  10|lkj;
  11|qwe
     12345678901234567890
Enter command: 
     *
     12345678901234567890
*  1|klja;ksldj
   2|jlkaj;dkl
   3|jkl;j
   4|
   5|jklqj;
   6|jklaj;s
   7|qe
   8|
   9|qkl;jqw
  10|lkj;
     12345678901234567890
Enter command: 
     *
     12345678901234567890
*  1|klja;ksldj
   2|jlkaj;dkl
   3|jkl;j
   4|
   5|jklqj;
   6|jklaj;s
   7|qe
   8|
   9|qkl;jqw
  10|lkj;
     12345678901234567890
Enter command: 
     *
     12345678901234567890
*  1|klja;ksldj
   2|jlkaj;dkl
   3|jkl;j
   4|
   5|jklqj;
   6|jklaj;s
   7|qe
   8|
   9|qkl;jqw
  10|lkj;
     12345678901234567890
Enter command: 
     *
     12345678901234567890
   1|klja;ksldj
*  2|jlkaj;dkl
   3|jkl;j
   4|
   5|jklqj;
   6|jklaj;s
   7|qe
   8|
   9|qkl;jqw
  10|lkj;
     12345678901234567890
Enter command: 
     *
     12345678901234567890
   1|klja;ksldj
   2|jlkaj;dkl
*  3|jkl;j
   4|
   5|jklqj;
   6|jklaj;s
   7|qe
   8|
   9|qkl;jqw
  10|lkj;
     12345678901234567890
Enter command: 
     *
     12345678901234567890
   1|klja;ksldj
   2|jlkaj;dkl
   3|jkl;j
*  4|
   5|jklqj;
   6|jklaj;s
   7|qe
   8|
   9|qkl;jqw
  10|lkj;
     12345678901234567890
Enter command: 
     *
     12345678901234567890
   1|klja;ksldj
   2|jlkaj;dkl
   3|jkl;j
   4|
*  5|jklqj;
   6|jklaj;s
   7|qe
   8|
   9|qkl;jqw
  10|lkj;
     12345678901234567890
Enter command: 
     *
     12345678901234567890
   1|klja;ksldj
   2|jlkaj;dkl
   3|jkl;j
   4|
   5|jklqj;
*  6|jklaj;s
   7|qe
   8|
   9|qkl;jqw
  10|lkj;
     12345678901234567890
Enter command: 
     *
     12345678901234567890
   1|klja;ksldj
   2|jlkaj;dkl
   3|jkl;j
   4|
   5|jklqj;
   6|jklaj;s
*  7|qe
   8|
   9|qkl;jqw
  10|lkj;
     12345678901234567890
Enter command: 
     *
     12345678901234567890
   1|klja;ksldj
   2|jlkaj;dkl
   3|jkl;j
   4|
   5|jklqj;
   6|jklaj;s
   7|qe
*  8|
   9|qkl;jqw
  10|lkj;
     12345678901234567890
Enter command: 
     *
     12345678901234567890
   1|klja;ksldj
   2|jlkaj;dkl
   3|jkl;j
   4|
   5|jklqj;
   6|jklaj;s
   7|qe
   8|
*  9|qkl;jqw
  10|lkj;
     12345678901234567890
Enter command: 
     *
     12345678901234567890
   1|klja;ksldj
   2|jlkaj;dkl
   3|jkl;j
   4|
   5|jklqj;
   6|jklaj;s
   7|qe
   8|
   9|qkl;jqw
* 10|lkj;
     12345678901234567890
Enter command: 
     *
     12345678901234567890
   2|jlkaj;dkl
   3|jkl;j
   4|
   5|jklqj;
   6|jklaj;s
   7|qe
   8|
   9|qkl;jqw
  10|lkj;
* 11|qwe
     12345678901234567890
Enter command: 
     *
     12345678901234567890
   3|jkl;j
   4|
   5|jklqj;
   6|jklaj;s
   7|qe
   8|
   9|qkl;jqw
  10|lkj;
  11|qwe
* 12|
     12345678901234567890
Enter command: 
     *
     12345678901234567890
   4|
   5|jklqj;
   6|jklaj;s
   7|qe
   8|
   9|qkl;jqw
  10|lkj;
  11|qwe
  12|
* 13|jql;kwjekjkl;
     12345678901234567890
Enter command: 
     *
     12345678901234567890
   5|jklqj;
   6|jklaj;s
   7|qe
   8|
   9|qkl;jqw
  10|lkj;
  11|qwe
  12|
* 13|jql;kwjekjkl;
  14
     12345678901234567890
Enter command: 
     *
     12345678901234567890
   6|jklaj;s
   7|qe
   8|
   9|qkl;jqw
  10|lkj;
  11|qwe
  12|
* 13|jql;kwjekjkl;
  14
  15
     12345678901234567890
Enter command: 
Goodbye!
