     *
     12345678901234567890
*  1|
   2|
   3|
   4|
   5|
   6|
   7|
   8|
   9|
  10|
     12345678901234567890
Enter command: 
     *
     12345678901234567890
   1|
*  2|
   3|
   4|
   5|
   6|
   7|
   8|
   9|
  10|
     12345678901234567890
Enter command: 
     *
     12345678901234567890
   1|
   2|
*  3|
   4|
   5|
   6|
   7|
   8|
   9|
  10|
     12345678901234567890
Enter command: 
      *
     12345678901234567890
   1|
   2|
*  3|
   4|
   5|
   6|
   7|
   8|
   9|
  10|
     12345678901234567890
Enter command: 
       *
     12345678901234567890
   1|
   2|
*  3|
   4|
   5|
   6|
   7|
   8|
   9|
  10|
     12345678901234567890
Enter command: 
        *
     12345678901234567890
   1|
   2|
*  3|
   4|
   5|
   6|
   7|
   8|
   9|
  10|
     12345678901234567890
Enter command: 
        *
     12345678901234567890
   1|
   2|
   3|
*  4|
   5|
   6|
   7|
   8|
   9|
  10|
     12345678901234567890
Enter command: 
       *
     12345678901234567890
   1|
   2|
   3|
*  4|
   5|
   6|
   7|
   8|
   9|
  10|
     12345678901234567890
Enter command: 
       *
     12345678901234567890
   1|
   2|
   3|
   4|
*  5|
   6|
   7|
   8|
   9|
  10|
     12345678901234567890
Enter command: 
       *
     12345678901234567890
   1|
   2|
   3|
   4|
   5|
*  6|
   7|
   8|
   9|
  10|
     12345678901234567890
Enter command: 
       *
     12345678901234567890
   1|
   2|
   3|
   4|
   5|
   6|
*  7|
   8|
   9|
  10|
     12345678901234567890
Enter command: 
       *
     12345678901234567890
   1|
   2|
   3|
   4|
   5|
   6|
   7|
*  8|
   9|
  10|
     12345678901234567890
Enter command: 
       *
     12345678901234567890
   1|
   2|
   3|
   4|
   5|
   6|
   7|
   8|
*  9|
  10|
     12345678901234567890
Enter command: 
       *
     12345678901234567890
   1|
   2|
   3|
   4|
   5|
   6|
   7|
   8|
   9|
* 10|
     12345678901234567890
Enter command: 
       *
     12345678901234567890
   2|
   3|
   4|
   5|
   6|
   7|
   8|
   9|
* 10|
  11
     12345678901234567890
Enter command: 
       *
     12345678901234567890
   3|
   4|
   5|
   6|
   7|
   8|
   9|
* 10|
  11
  12
     12345678901234567890
Enter command: 
       *
     12345678901234567890
   4|
   5|
   6|
   7|
   8|
   9|
* 10|
  11
  12
  13
     12345678901234567890
Enter command: 
       *
     12345678901234567890
   5|
   6|
   7|
   8|
   9|
* 10|
  11
  12
  13
  14
     12345678901234567890
Enter command: 
       *
     12345678901234567890
   6|
   7|
   8|
   9|
* 10|
  11
  12
  13
  14
  15
     12345678901234567890
Enter command: 
       *
     12345678901234567890
   7|
   8|
   9|
* 10|
  11
  12
  13
  14
  15
  16
     12345678901234567890
Enter command: 
       *
     12345678901234567890
   8|
   9|
* 10|
  11
  12
  13
  14
  15
  16
  17
     12345678901234567890
Enter command: 
       *
     12345678901234567890
   9|
* 10|
  11
  12
  13
  14
  15
  16
  17
  18
     12345678901234567890
Enter command: 
       *
     12345678901234567890
* 10|
  11
  12
  13
  14
  15
  16
  17
  18
  19
     12345678901234567890
Enter command: 
       *
     12345678901234567890
* 10|
  11
  12
  13
  14
  15
  16
  17
  18
  19
     12345678901234567890
Enter command: 
       *
     12345678901234567890
* 10|
  11
  12
  13
  14
  15
  16
  17
  18
  19
     12345678901234567890
Enter command: 
       *
     12345678901234567890
* 10|
  11
  12
  13
  14
  15
  16
  17
  18
  19
     12345678901234567890
Enter command: 
       *
     12345678901234567890
* 10|
  11
  12
  13
  14
  15
  16
  17
  18
  19
     12345678901234567890
Enter command: 
        *
     12345678901234567890
* 10|
  11
  12
  13
  14
  15
  16
  17
  18
  19
     12345678901234567890
Enter command: 
        *
     12345678901234567890
*  9|
  10|
  11
  12
  13
  14
  15
  16
  17
  18
     12345678901234567890
Enter command: 
       *
     12345678901234567890
*  9|
  10|
  11
  12
  13
  14
  15
  16
  17
  18
     12345678901234567890
Enter command: 
Goodbye!
