     *
     12345678901234567890
*  1|Line 1
   2|Line 2
   3|Line 3
   4|Line 4
   5|Line 5
   6|Line 6
   7|Line 7
   8|Line 8
   9|Line 9
  10|Line 10
     12345678901234567890
Enter command: 
     *
     12345678901234567890
   1|Line 1
   2|Line 2
*  3|Line 3
   4|Line 4
   5|Line 5
   6|Line 6
   7|Line 7
   8|Line 8
   9|Line 9
  10|Line 10
     12345678901234567890
Enter command: 
       *
     12345678901234567890
   1|Line 1
   2|Line 2
*  3|Line 3
   4|Line 4
   5|Line 5
   6|Line 6
   7|Line 7
   8|Line 8
   9|Line 9
  10|Line 10
     12345678901234567890
Enter command: 
       *
     12345678901234567890
   1|Line 1
   2|Line 2
*  3|LiABC3
   4|Line 4
   5|Line 5
   6|Line 6
   7|Line 7
   8|Line 8
   9|Line 9
  10|Line 10
     12345678901234567890
Enter command: 
        *
     12345678901234567890
   1|Line 1
   2|Line 2
*  3|LiABC3
   4|Line 4
   5|Line 5
   6|Line 6
   7|Line 7
   8|Line 8
   9|Line 9
  10|Line 10
     12345678901234567890
Enter command: 
        *
     12345678901234567890
   1|Line 1
   2|Line 2
*  3|LiADEF
   4|Line 4
   5|Line 5
   6|Line 6
   7|Line 7
   8|Line 8
   9|Line 9
  10|Line 10
     12345678901234567890
Enter command: 
        *
     12345678901234567890
   1|Line 1
   2|Line 2
*  3|LiADEFG
   4|Line 4
   5|Line 5
   6|Line 6
   7|Line 7
   8|Line 8
   9|Line 9
  10|Line 10
     12345678901234567890
Enter command: 
        *
     12345678901234567890
   1|Line 1
   2|Line 2
*  3|LiADEFG
   4|Line 4
   5|Line 5
   6|Line 6
   7|Line 7
   8|Line 8
   9|Line 9
  10|Line 10
     12345678901234567890
Enter command: 
Goodbye!
=== input_files/lines.txt ===
Line 1
Line 2
Line 3
Line 4
Line 5
Line 6
Line 7
Line 8
Line 9
Line 10
Line 11
Line 12
Line 13
Line 14
Line 15
Line 16
=== the_output.txt ===
Line 1
Line 2
LiADEFG
Line 4
Line 5
Line 6
Line 7
Line 8
Line 9
Line 10
Line 11
Line 12
Line 13
Line 14
Line 15
Line 16
