     *
     12345678901234567890
*  1|x
   2|y
   3
   4
   5
   6
   7
   8
   9
  10
     12345678901234567890
Enter command: 
     *
     12345678901234567890
*  1|0123456789012345
   2|y
   3
   4
   5
   6
   7
   8
   9
  10
     12345678901234567890
Enter command: 
                        *
     12345678901234567890
*  1|0123456789012345
   2|y
   3
   4
   5
   6
   7
   8
   9
  10
     12345678901234567890
Enter command: 
                        *
     12345678901234567890
*  1|0123456789012345   0
   2|123456789012345
   3
   4
   5
   6
   7
   8
   9
  10
     12345678901234567890
Enter command: 
                        *
     12345678901234567890
*  1|0123456789012345   0
   2|123456789012345
   3
   4
   5
   6
   7
   8
   9
  10
     12345678901234567890
Enter command: 
Goodbye!
=== input_files/tiny.txt ===
x
y
=== output.txt ===
0123456789012345   0
123456789012345
